Archive member included to satisfy reference by file (symbol)

c:/program files (x86)/atollic/truestudio for stm32 9.3.0/armtools/bin/../lib/gcc/arm-atollic-eabi/6.3.1/../../../../arm-atollic-eabi/lib/armv7e-m/fpu\libc_nano.a(lib_a-errno.o)
                              Src\syscalls.o (__errno)
c:/program files (x86)/atollic/truestudio for stm32 9.3.0/armtools/bin/../lib/gcc/arm-atollic-eabi/6.3.1/../../../../arm-atollic-eabi/lib/armv7e-m/fpu\libc_nano.a(lib_a-impure.o)
                              c:/program files (x86)/atollic/truestudio for stm32 9.3.0/armtools/bin/../lib/gcc/arm-atollic-eabi/6.3.1/../../../../arm-atollic-eabi/lib/armv7e-m/fpu\libc_nano.a(lib_a-errno.o) (_impure_ptr)
c:/program files (x86)/atollic/truestudio for stm32 9.3.0/armtools/bin/../lib/gcc/arm-atollic-eabi/6.3.1/../../../../arm-atollic-eabi/lib/armv7e-m/fpu\libc_nano.a(lib_a-init.o)
                              startup\startup_stm32f405xx.o (__libc_init_array)
c:/program files (x86)/atollic/truestudio for stm32 9.3.0/armtools/bin/../lib/gcc/arm-atollic-eabi/6.3.1/../../../../arm-atollic-eabi/lib/armv7e-m/fpu\libc_nano.a(lib_a-memcpy-stub.o)
                              Middlewares\Third_Party\FreeRTOS\Source\CMSIS_RTOS_V2\cmsis_os2.o (memcpy)
c:/program files (x86)/atollic/truestudio for stm32 9.3.0/armtools/bin/../lib/gcc/arm-atollic-eabi/6.3.1/../../../../arm-atollic-eabi/lib/armv7e-m/fpu\libc_nano.a(lib_a-memset.o)
                              Middlewares\Third_Party\FreeRTOS\Source\stream_buffer.o (memset)
c:/program files (x86)/atollic/truestudio for stm32 9.3.0/armtools/bin/../lib/gcc/arm-atollic-eabi/6.3.1/../../../../arm-atollic-eabi/lib/armv7e-m/fpu\libc_nano.a(lib_a-strlen.o)
                              Src\main.o (strlen)
c:/program files (x86)/atollic/truestudio for stm32 9.3.0/armtools/bin/../lib/gcc/arm-atollic-eabi/6.3.1/armv7e-m/fpu\libgcc.a(_aeabi_uldivmod.o)
                              Drivers\STM32F4xx_HAL_Driver\Src\stm32f4xx_hal_rcc.o (__aeabi_uldivmod)
c:/program files (x86)/atollic/truestudio for stm32 9.3.0/armtools/bin/../lib/gcc/arm-atollic-eabi/6.3.1/armv7e-m/fpu\libgcc.a(_udivmoddi4.o)
                              c:/program files (x86)/atollic/truestudio for stm32 9.3.0/armtools/bin/../lib/gcc/arm-atollic-eabi/6.3.1/armv7e-m/fpu\libgcc.a(_aeabi_uldivmod.o) (__udivmoddi4)
c:/program files (x86)/atollic/truestudio for stm32 9.3.0/armtools/bin/../lib/gcc/arm-atollic-eabi/6.3.1/armv7e-m/fpu\libgcc.a(_dvmd_tls.o)
                              c:/program files (x86)/atollic/truestudio for stm32 9.3.0/armtools/bin/../lib/gcc/arm-atollic-eabi/6.3.1/armv7e-m/fpu\libgcc.a(_aeabi_uldivmod.o) (__aeabi_ldiv0)

Allocating common symbols
Common symbol       size              file

defaultTaskHandle   0x4               Src\main.o
hdma_usart2_rx      0x60              Src\main.o
rxQueue             0x4               Src\main.o
uwTick              0x4               Drivers\STM32F4xx_HAL_Driver\Src\stm32f4xx_hal.o
xQueueRegistry      0x40              Middlewares\Third_Party\FreeRTOS\Source\queue.o
pFlash              0x20              Drivers\STM32F4xx_HAL_Driver\Src\stm32f4xx_hal_flash.o
cIn                 0x1               Src\main.o
MyTaskHandle        0x4               Src\main.o
hdma_usart2_tx      0x60              Src\main.o
htim1               0x40              Src\stm32f4xx_hal_timebase_tim.o
huart2              0x40              Src\main.o

Discarded input sections

 .text          0x00000000        0x0 c:/program files (x86)/atollic/truestudio for stm32 9.3.0/armtools/bin/../lib/gcc/arm-atollic-eabi/6.3.1/armv7e-m/fpu/crti.o
 .data          0x00000000        0x0 c:/program files (x86)/atollic/truestudio for stm32 9.3.0/armtools/bin/../lib/gcc/arm-atollic-eabi/6.3.1/armv7e-m/fpu/crti.o
 .bss           0x00000000        0x0 c:/program files (x86)/atollic/truestudio for stm32 9.3.0/armtools/bin/../lib/gcc/arm-atollic-eabi/6.3.1/armv7e-m/fpu/crti.o
 .data          0x00000000        0x4 c:/program files (x86)/atollic/truestudio for stm32 9.3.0/armtools/bin/../lib/gcc/arm-atollic-eabi/6.3.1/armv7e-m/fpu/crtbegin.o
 .text          0x00000000        0x0 Drivers\STM32F4xx_HAL_Driver\Src\stm32f4xx_hal.o
 .data          0x00000000        0x0 Drivers\STM32F4xx_HAL_Driver\Src\stm32f4xx_hal.o
 .bss           0x00000000        0x0 Drivers\STM32F4xx_HAL_Driver\Src\stm32f4xx_hal.o
 .text.HAL_MspInit
                0x00000000        0x2 Drivers\STM32F4xx_HAL_Driver\Src\stm32f4xx_hal.o
 .text.HAL_MspDeInit
                0x00000000        0x2 Drivers\STM32F4xx_HAL_Driver\Src\stm32f4xx_hal.o
 .text.HAL_DeInit
                0x00000000       0x2c Drivers\STM32F4xx_HAL_Driver\Src\stm32f4xx_hal.o
 .text.HAL_InitTick
                0x00000000       0x48 Drivers\STM32F4xx_HAL_Driver\Src\stm32f4xx_hal.o
 .text.HAL_GetTickPrio
                0x00000000        0xc Drivers\STM32F4xx_HAL_Driver\Src\stm32f4xx_hal.o
 .text.HAL_SetTickFreq
                0x00000000       0x24 Drivers\STM32F4xx_HAL_Driver\Src\stm32f4xx_hal.o
[...]
Memory Configuration

Name             Origin             Length             Attributes
RAM              0x20000000         0x00020000         xrw
CCMRAM           0x10000000         0x00010000         rw
FLASH            0x08000000         0x00100000         xr
*default*        0x00000000         0xffffffff

Linker script and memory map

LOAD c:/program files (x86)/atollic/truestudio for stm32 9.3.0/armtools/bin/../lib/gcc/arm-atollic-eabi/6.3.1/armv7e-m/fpu/crti.o
LOAD c:/program files (x86)/atollic/truestudio for stm32 9.3.0/armtools/bin/../lib/gcc/arm-atollic-eabi/6.3.1/armv7e-m/fpu/crtbegin.o
LOAD Drivers\STM32F4xx_HAL_Driver\Src\stm32f4xx_hal.o
LOAD Drivers\STM32F4xx_HAL_Driver\Src\stm32f4xx_hal_cortex.o
LOAD Drivers\STM32F4xx_HAL_Driver\Src\stm32f4xx_hal_dma.o
LOAD Drivers\STM32F4xx_HAL_Driver\Src\stm32f4xx_hal_dma_ex.o
LOAD Drivers\STM32F4xx_HAL_Driver\Src\stm32f4xx_hal_exti.o
LOAD Drivers\STM32F4xx_HAL_Driver\Src\stm32f4xx_hal_flash.o
LOAD Drivers\STM32F4xx_HAL_Driver\Src\stm32f4xx_hal_flash_ex.o
LOAD Drivers\STM32F4xx_HAL_Driver\Src\stm32f4xx_hal_flash_ramfunc.o
LOAD Drivers\STM32F4xx_HAL_Driver\Src\stm32f4xx_hal_gpio.o
LOAD Drivers\STM32F4xx_HAL_Driver\Src\stm32f4xx_hal_pwr.o
LOAD Drivers\STM32F4xx_HAL_Driver\Src\stm32f4xx_hal_pwr_ex.o
LOAD Drivers\STM32F4xx_HAL_Driver\Src\stm32f4xx_hal_rcc.o
LOAD Drivers\STM32F4xx_HAL_Driver\Src\stm32f4xx_hal_rcc_ex.o
LOAD Drivers\STM32F4xx_HAL_Driver\Src\stm32f4xx_hal_tim.o
LOAD Drivers\STM32F4xx_HAL_Driver\Src\stm32f4xx_hal_tim_ex.o
LOAD Drivers\STM32F4xx_HAL_Driver\Src\stm32f4xx_hal_uart.o
LOAD Middlewares\Third_Party\FreeRTOS\Source\CMSIS_RTOS_V2\cmsis_os2.o
LOAD Middlewares\Third_Party\FreeRTOS\Source\croutine.o
LOAD Middlewares\Third_Party\FreeRTOS\Source\event_groups.o
LOAD Middlewares\Third_Party\FreeRTOS\Source\list.o
LOAD Middlewares\Third_Party\FreeRTOS\Source\portable\GCC\ARM_CM4F\port.o
LOAD Middlewares\Third_Party\FreeRTOS\Source\portable\MemMang\heap_4.o
LOAD Middlewares\Third_Party\FreeRTOS\Source\queue.o
LOAD Middlewares\Third_Party\FreeRTOS\Source\stream_buffer.o
LOAD Middlewares\Third_Party\FreeRTOS\Source\tasks.o
LOAD Middlewares\Third_Party\FreeRTOS\Source\timers.o
LOAD Src\freertos.o
LOAD Src\main.o
LOAD Src\stm32f4xx_hal_msp.o
LOAD Src\stm32f4xx_hal_timebase_tim.o
LOAD Src\stm32f4xx_it.o
LOAD Src\syscalls.o
LOAD Src\system_stm32f4xx.o
LOAD startup\startup_stm32f405xx.o
                0x00000080                malloc_getpagesize_P = 0x80
START GROUP
LOAD c:/program files (x86)/atollic/truestudio for stm32 9.3.0/armtools/bin/../lib/gcc/arm-atollic-eabi/6.3.1/../../../../arm-atollic-eabi/lib/armv7e-m/fpu\libc_nano.a
LOAD c:/program files (x86)/atollic/truestudio for stm32 9.3.0/armtools/bin/../lib/gcc/arm-atollic-eabi/6.3.1/../../../../arm-atollic-eabi/lib/armv7e-m/fpu\libm.a
END GROUP
START GROUP
LOAD c:/program files (x86)/atollic/truestudio for stm32 9.3.0/armtools/bin/../lib/gcc/arm-atollic-eabi/6.3.1/armv7e-m/fpu\libgcc.a
LOAD c:/program files (x86)/atollic/truestudio for stm32 9.3.0/armtools/bin/../lib/gcc/arm-atollic-eabi/6.3.1/../../../../arm-atollic-eabi/lib/armv7e-m/fpu\libc_nano.a
END GROUP
START GROUP
LOAD c:/program files (x86)/atollic/truestudio for stm32 9.3.0/armtools/bin/../lib/gcc/arm-atollic-eabi/6.3.1/armv7e-m/fpu\libgcc.a
LOAD c:/program files (x86)/atollic/truestudio for stm32 9.3.0/armtools/bin/../lib/gcc/arm-atollic-eabi/6.3.1/../../../../arm-atollic-eabi/lib/armv7e-m/fpu\libc_nano.a
LOAD c:/program files (x86)/atollic/truestudio for stm32 9.3.0/armtools/bin/../lib/gcc/arm-atollic-eabi/6.3.1/../../../../arm-atollic-eabi/lib/armv7e-m/fpu\libnosys.a
END GROUP
START GROUP
LOAD c:/program files (x86)/atollic/truestudio for stm32 9.3.0/armtools/bin/../lib/gcc/arm-atollic-eabi/6.3.1/armv7e-m/fpu\libgcc.a
LOAD c:/program files (x86)/atollic/truestudio for stm32 9.3.0/armtools/bin/../lib/gcc/arm-atollic-eabi/6.3.1/../../../../arm-atollic-eabi/lib/armv7e-m/fpu\libc_nano.a
LOAD c:/program files (x86)/atollic/truestudio for stm32 9.3.0/armtools/bin/../lib/gcc/arm-atollic-eabi/6.3.1/../../../../arm-atollic-eabi/lib/armv7e-m/fpu\libnosys.a
END GROUP
LOAD c:/program files (x86)/atollic/truestudio for stm32 9.3.0/armtools/bin/../lib/gcc/arm-atollic-eabi/6.3.1/armv7e-m/fpu/crtend.o
LOAD c:/program files (x86)/atollic/truestudio for stm32 9.3.0/armtools/bin/../lib/gcc/arm-atollic-eabi/6.3.1/armv7e-m/fpu/crtn.o
                0x20020000                _estack = 0x20020000
                0x00000200                _Min_Heap_Size = 0x200
                0x00000400                _Min_Stack_Size = 0x400

.isr_vector     0x08000000      0x188
                0x08000000                . = ALIGN (0x4)
 *(.isr_vector)
 .isr_vector    0x08000000      0x188 startup\startup_stm32f405xx.o
                0x08000000                g_pfnVectors
                0x08000188                . = ALIGN (0x4)

.text           0x08000190     0x3b88
                0x08000190                . = ALIGN (0x4)
 *(.text)
 .text          0x08000190       0x40 c:/program files (x86)/atollic/truestudio for stm32 9.3.0/armtools/bin/../lib/gcc/arm-atollic-eabi/6.3.1/armv7e-m/fpu/crtbegin.o
 .text          0x080001d0       0x10 c:/program files (x86)/atollic/truestudio for stm32 9.3.0/armtools/bin/../lib/gcc/arm-atollic-eabi/6.3.1/../../../../arm-atollic-eabi/lib/armv7e-m/fpu\libc_nano.a(lib_a-strlen.o)
                0x080001d0                strlen
 .text          0x080001e0       0x30 c:/program files (x86)/atollic/truestudio for stm32 9.3.0/armtools/bin/../lib/gcc/arm-atollic-eabi/6.3.1/armv7e-m/fpu\libgcc.a(_aeabi_uldivmod.o)
                0x080001e0                __aeabi_uldivmod
 .text          0x08000210      0x2dc c:/program files (x86)/atollic/truestudio for stm32 9.3.0/armtools/bin/../lib/gcc/arm-atollic-eabi/6.3.1/armv7e-m/fpu\libgcc.a(_udivmoddi4.o)
                0x08000210                __udivmoddi4
 .text          0x080004ec        0x4 c:/program files (x86)/atollic/truestudio for stm32 9.3.0/armtools/bin/../lib/gcc/arm-atollic-eabi/6.3.1/armv7e-m/fpu\libgcc.a(_dvmd_tls.o)
                0x080004ec                __aeabi_idiv0
                0x080004ec                __aeabi_ldiv0
 *(.text*)
 .text.HAL_Init
                0x080004f0       0x34 Drivers\STM32F4xx_HAL_Driver\Src\stm32f4xx_hal.o
                0x080004f0                HAL_Init
 .text.HAL_IncTick
                0x08000524       0x18 Drivers\STM32F4xx_HAL_Driver\Src\stm32f4xx_hal.o
                0x08000524                HAL_IncTick
 .text.HAL_GetTick
                0x0800053c        0xc Drivers\STM32F4xx_HAL_Driver\Src\stm32f4xx_hal.o
                0x0800053c                HAL_GetTick
 .text.HAL_Delay
                0x08000548       0x28 Drivers\STM32F4xx_HAL_Driver\Src\stm32f4xx_hal.o
                0x08000548                HAL_Delay
 .text.HAL_NVIC_SetPriorityGrouping
                0x08000570       0x24 Drivers\STM32F4xx_HAL_Driver\Src\stm32f4xx_hal_cortex.o
                0x08000570                HAL_NVIC_SetPriorityGrouping
 .text.HAL_NVIC_SetPriority
                0x08000594       0x68 Drivers\STM32F4xx_HAL_Driver\Src\stm32f4xx_hal_cortex.o
                0x08000594                HAL_NVIC_SetPriority
 .text.HAL_NVIC_EnableIRQ
                0x080005fc       0x1c Drivers\STM32F4xx_HAL_Driver\Src\stm32f4xx_hal_cortex.o
                0x080005fc                HAL_NVIC_EnableIRQ
 .text.DMA_CalcBaseAndBitshift
                0x08000618       0x2c Drivers\STM32F4xx_HAL_Driver\Src\stm32f4xx_hal_dma.o
 .text.HAL_DMA_Init
                0x08000644       0xfc Drivers\STM32F4xx_HAL_Driver\Src\stm32f4xx_hal_dma.o
                0x08000644                HAL_DMA_Init
 .text.HAL_DMA_Start_IT
                0x08000740       0x7c Drivers\STM32F4xx_HAL_Driver\Src\stm32f4xx_hal_dma.o
                0x08000740                HAL_DMA_Start_IT
 .text.HAL_DMA_Abort_IT
                0x080007bc       0x24 Drivers\STM32F4xx_HAL_Driver\Src\stm32f4xx_hal_dma.o
                0x080007bc                HAL_DMA_Abort_IT
 .text.HAL_DMA_IRQHandler
                0x080007e0      0x174 Drivers\STM32F4xx_HAL_Driver\Src\stm32f4xx_hal_dma.o
                0x080007e0                HAL_DMA_IRQHandler
 .text.HAL_GPIO_Init
                0x08000954      0x1c0 Drivers\STM32F4xx_HAL_Driver\Src\stm32f4xx_hal_gpio.o
                0x08000954                HAL_GPIO_Init
 .text.HAL_GPIO_WritePin
                0x08000b14        0xa Drivers\STM32F4xx_HAL_Driver\Src\stm32f4xx_hal_gpio.o
                0x08000b14                HAL_GPIO_WritePin
 *fill*         0x08000b1e        0x2 
 .text.HAL_RCC_OscConfig
                0x08000b20      0x304 Drivers\STM32F4xx_HAL_Driver\Src\stm32f4xx_hal_rcc.o
                0x08000b20                HAL_RCC_OscConfig
 .text.HAL_RCC_GetSysClockFreq
                0x08000e24       0x5c Drivers\STM32F4xx_HAL_Driver\Src\stm32f4xx_hal_rcc.o
                0x08000e24                HAL_RCC_GetSysClockFreq
 .text.HAL_RCC_ClockConfig
                0x08000e80      0x134 Drivers\STM32F4xx_HAL_Driver\Src\stm32f4xx_hal_rcc.o
                0x08000e80                HAL_RCC_ClockConfig
 .text.HAL_RCC_GetPCLK1Freq
                0x08000fb4       0x20 Drivers\STM32F4xx_HAL_Driver\Src\stm32f4xx_hal_rcc.o
                0x08000fb4                HAL_RCC_GetPCLK1Freq
 .text.HAL_RCC_GetPCLK2Freq
                0x08000fd4       0x20 Drivers\STM32F4xx_HAL_Driver\Src\stm32f4xx_hal_rcc.o
                0x08000fd4                HAL_RCC_GetPCLK2Freq
 .text.HAL_RCC_GetClockConfig
                0x08000ff4       0x3c Drivers\STM32F4xx_HAL_Driver\Src\stm32f4xx_hal_rcc.o
                0x08000ff4                HAL_RCC_GetClockConfig
 .text.HAL_TIM_Base_MspInit
                0x08001030        0x2 Drivers\STM32F4xx_HAL_Driver\Src\stm32f4xx_hal_tim.o
                0x08001030                HAL_TIM_Base_MspInit
 .text.HAL_TIM_Base_Start_IT
                0x08001032       0x20 Drivers\STM32F4xx_HAL_Driver\Src\stm32f4xx_hal_tim.o
                0x08001032                HAL_TIM_Base_Start_IT
 .text.HAL_TIM_OC_DelayElapsedCallback
                0x08001052        0x2 Drivers\STM32F4xx_HAL_Driver\Src\stm32f4xx_hal_tim.o
                0x08001052                HAL_TIM_OC_DelayElapsedCallback
 .text.HAL_TIM_IC_CaptureCallback
                0x08001054        0x2 Drivers\STM32F4xx_HAL_Driver\Src\stm32f4xx_hal_tim.o
                0x08001054                HAL_TIM_IC_CaptureCallback
 .text.HAL_TIM_PWM_PulseFinishedCallback
                0x08001056        0x2 Drivers\STM32F4xx_HAL_Driver\Src\stm32f4xx_hal_tim.o
                0x08001056                HAL_TIM_PWM_PulseFinishedCallback
 .text.HAL_TIM_TriggerCallback
                0x08001058        0x2 Drivers\STM32F4xx_HAL_Driver\Src\stm32f4xx_hal_tim.o
                0x08001058                HAL_TIM_TriggerCallback
 .text.HAL_TIM_IRQHandler
                0x0800105a      0x144 Drivers\STM32F4xx_HAL_Driver\Src\stm32f4xx_hal_tim.o
                0x0800105a                HAL_TIM_IRQHandler
 *fill*         0x0800119e        0x2 
 .text.TIM_Base_SetConfig
                0x080011a0       0xcc Drivers\STM32F4xx_HAL_Driver\Src\stm32f4xx_hal_tim.o
                0x080011a0                TIM_Base_SetConfig
 .text.HAL_TIM_Base_Init
                0x0800126c       0x34 Drivers\STM32F4xx_HAL_Driver\Src\stm32f4xx_hal_tim.o
                0x0800126c                HAL_TIM_Base_Init
 .text.HAL_TIMEx_CommutCallback
                0x080012a0        0x2 Drivers\STM32F4xx_HAL_Driver\Src\stm32f4xx_hal_tim_ex.o
                0x080012a0                HAL_TIMEx_CommutCallback
 .text.HAL_TIMEx_BreakCallback
                0x080012a2        0x2 Drivers\STM32F4xx_HAL_Driver\Src\stm32f4xx_hal_tim_ex.o
                0x080012a2                HAL_TIMEx_BreakCallback
 .text.UART_EndRxTransfer
                0x080012a4       0x1a Drivers\STM32F4xx_HAL_Driver\Src\stm32f4xx_hal_uart.o
 *fill*         0x080012be        0x2 
 .text.UART_SetConfig
                0x080012c0      0x234 Drivers\STM32F4xx_HAL_Driver\Src\stm32f4xx_hal_uart.o
 .text.UART_WaitOnFlagUntilTimeout.constprop.3
                0x080014f4       0x50 Drivers\STM32F4xx_HAL_Driver\Src\stm32f4xx_hal_uart.o
 .text.HAL_UART_Init
                0x08001544       0x5c Drivers\STM32F4xx_HAL_Driver\Src\stm32f4xx_hal_uart.o
                0x08001544                HAL_UART_Init
 .text.HAL_UART_Transmit
                0x080015a0       0xba Drivers\STM32F4xx_HAL_Driver\Src\stm32f4xx_hal_uart.o
                0x080015a0                HAL_UART_Transmit
 *fill*         0x0800165a        0x2 
 .text.HAL_UART_Receive_DMA
                0x0800165c       0x90 Drivers\STM32F4xx_HAL_Driver\Src\stm32f4xx_hal_uart.o
                0x0800165c                HAL_UART_Receive_DMA
 .text.HAL_UART_TxCpltCallback
                0x080016ec        0x2 Drivers\STM32F4xx_HAL_Driver\Src\stm32f4xx_hal_uart.o
                0x080016ec                HAL_UART_TxCpltCallback
 .text.UART_DMAReceiveCplt
                0x080016ee       0x38 Drivers\STM32F4xx_HAL_Driver\Src\stm32f4xx_hal_uart.o
 .text.UART_Receive_IT
                0x08001726       0x7c Drivers\STM32F4xx_HAL_Driver\Src\stm32f4xx_hal_uart.o
 .text.HAL_UART_RxHalfCpltCallback
                0x080017a2        0x2 Drivers\STM32F4xx_HAL_Driver\Src\stm32f4xx_hal_uart.o
                0x080017a2                HAL_UART_RxHalfCpltCallback
 .text.UART_DMARxHalfCplt
                0x080017a4        0xa Drivers\STM32F4xx_HAL_Driver\Src\stm32f4xx_hal_uart.o
 .text.HAL_UART_ErrorCallback
                0x080017ae        0x2 Drivers\STM32F4xx_HAL_Driver\Src\stm32f4xx_hal_uart.o
                0x080017ae                HAL_UART_ErrorCallback
 .text.UART_DMAError
                0x080017b0       0x4e Drivers\STM32F4xx_HAL_Driver\Src\stm32f4xx_hal_uart.o
 *fill*         0x080017fe        0x2 
 .text.HAL_UART_IRQHandler
                0x08001800      0x140 Drivers\STM32F4xx_HAL_Driver\Src\stm32f4xx_hal_uart.o
                0x08001800                HAL_UART_IRQHandler
 .text.UART_DMAAbortOnError
                0x08001940       0x10 Drivers\STM32F4xx_HAL_Driver\Src\stm32f4xx_hal_uart.o
 .text.osKernelInitialize
                0x08001950       0x38 Middlewares\Third_Party\FreeRTOS\Source\CMSIS_RTOS_V2\cmsis_os2.o
                0x08001950                osKernelInitialize
 .text.osKernelStart
                0x08001988       0x40 Middlewares\Third_Party\FreeRTOS\Source\CMSIS_RTOS_V2\cmsis_os2.o
                0x08001988                osKernelStart
 .text.osThreadNew
                0x080019c8       0xc0 Middlewares\Third_Party\FreeRTOS\Source\CMSIS_RTOS_V2\cmsis_os2.o
                0x080019c8                osThreadNew
 .text.osDelay  0x08001a88       0x34 Middlewares\Third_Party\FreeRTOS\Source\CMSIS_RTOS_V2\cmsis_os2.o
                0x08001a88                osDelay
 .text.osMessageQueueNew
                0x08001abc       0x90 Middlewares\Third_Party\FreeRTOS\Source\CMSIS_RTOS_V2\cmsis_os2.o
                0x08001abc                osMessageQueueNew
 .text.osMessageQueuePut
                0x08001b4c       0x88 Middlewares\Third_Party\FreeRTOS\Source\CMSIS_RTOS_V2\cmsis_os2.o
                0x08001b4c                osMessageQueuePut
 .text.osMessageQueueGet
                0x08001bd4       0x84 Middlewares\Third_Party\FreeRTOS\Source\CMSIS_RTOS_V2\cmsis_os2.o
                0x08001bd4                osMessageQueueGet
 .text.vApplicationGetIdleTaskMemory
                0x08001c58       0x18 Middlewares\Third_Party\FreeRTOS\Source\CMSIS_RTOS_V2\cmsis_os2.o
                0x08001c58                vApplicationGetIdleTaskMemory
 .text.vApplicationGetTimerTaskMemory
                0x08001c70       0x18 Middlewares\Third_Party\FreeRTOS\Source\CMSIS_RTOS_V2\cmsis_os2.o
                0x08001c70                vApplicationGetTimerTaskMemory
 .text.vListInitialise
                0x08001c88       0x16 Middlewares\Third_Party\FreeRTOS\Source\list.o
                0x08001c88                vListInitialise
 .text.vListInitialiseItem
                0x08001c9e        0x6 Middlewares\Third_Party\FreeRTOS\Source\list.o
                0x08001c9e                vListInitialiseItem
 .text.vListInsertEnd
                0x08001ca4       0x18 Middlewares\Third_Party\FreeRTOS\Source\list.o
                0x08001ca4                vListInsertEnd
 .text.vListInsert
                0x08001cbc       0x2e Middlewares\Third_Party\FreeRTOS\Source\list.o
                0x08001cbc                vListInsert
 .text.uxListRemove
                0x08001cea       0x22 Middlewares\Third_Party\FreeRTOS\Source\list.o
                0x08001cea                uxListRemove
 .text.prvTaskExitError
                0x08001d0c       0x40 Middlewares\Third_Party\FreeRTOS\Source\portable\GCC\ARM_CM4F\port.o
 .text.unlikely.prvPortStartFirstTask
                0x08001d4c       0x28 Middlewares\Third_Party\FreeRTOS\Source\portable\GCC\ARM_CM4F\port.o
 .text.unlikely.vPortEnableVFP
                0x08001d74       0x14 Middlewares\Third_Party\FreeRTOS\Source\portable\GCC\ARM_CM4F\port.o
 .text.pxPortInitialiseStack
                0x08001d88       0x2c Middlewares\Third_Party\FreeRTOS\Source\portable\GCC\ARM_CM4F\port.o
                0x08001d88                pxPortInitialiseStack
 *fill*         0x08001db4        0xc 
 .text.SVC_Handler
                0x08001dc0       0x24 Middlewares\Third_Party\FreeRTOS\Source\portable\GCC\ARM_CM4F\port.o
                0x08001dc0                SVC_Handler
 .text.vPortEnterCritical
                0x08001de4       0x44 Middlewares\Third_Party\FreeRTOS\Source\portable\GCC\ARM_CM4F\port.o
                0x08001de4                vPortEnterCritical
 .text.vPortExitCritical
                0x08001e28       0x28 Middlewares\Third_Party\FreeRTOS\Source\portable\GCC\ARM_CM4F\port.o
                0x08001e28                vPortExitCritical
 .text.PendSV_Handler
                0x08001e50       0x64 Middlewares\Third_Party\FreeRTOS\Source\portable\GCC\ARM_CM4F\port.o
                0x08001e50                PendSV_Handler
 .text.SysTick_Handler
                0x08001eb4       0x2c Middlewares\Third_Party\FreeRTOS\Source\portable\GCC\ARM_CM4F\port.o
                0x08001eb4                SysTick_Handler
 .text.vPortSetupTimerInterrupt
                0x08001ee0       0x34 Middlewares\Third_Party\FreeRTOS\Source\portable\GCC\ARM_CM4F\port.o
                0x08001ee0                vPortSetupTimerInterrupt
 .text.xPortStartScheduler
                0x08001f14      0x10c Middlewares\Third_Party\FreeRTOS\Source\portable\GCC\ARM_CM4F\port.o
                0x08001f14                xPortStartScheduler
 .text.vPortValidateInterruptPriority
                0x08002020       0x5c Middlewares\Third_Party\FreeRTOS\Source\portable\GCC\ARM_CM4F\port.o
                0x08002020                vPortValidateInterruptPriority
 .text.unlikely.prvInsertBlockIntoFreeList
                0x0800207c       0x48 Middlewares\Third_Party\FreeRTOS\Source\portable\MemMang\heap_4.o
 .text.pvPortMalloc
                0x080020c4      0x11c Middlewares\Third_Party\FreeRTOS\Source\portable\MemMang\heap_4.o
                0x080020c4                pvPortMalloc
 .text.vPortFree
                0x080021e0       0x70 Middlewares\Third_Party\FreeRTOS\Source\portable\MemMang\heap_4.o
                0x080021e0                vPortFree
 .text.prvIsQueueEmpty
                0x08002250       0x16 Middlewares\Third_Party\FreeRTOS\Source\queue.o
 .text.unlikely.prvCopyDataToQueue
                0x08002266       0x66 Middlewares\Third_Party\FreeRTOS\Source\queue.o
 .text.unlikely.prvCopyDataFromQueue
                0x080022cc       0x2a Middlewares\Third_Party\FreeRTOS\Source\queue.o
 .text.prvUnlockQueue
                0x080022f6       0x70 Middlewares\Third_Party\FreeRTOS\Source\queue.o
 *fill*         0x08002366        0x2 
 .text.xQueueGenericReset
                0x08002368       0x80 Middlewares\Third_Party\FreeRTOS\Source\queue.o
                0x08002368                xQueueGenericReset
 .text.xQueueGenericCreateStatic
                0x080023e8       0x9a Middlewares\Third_Party\FreeRTOS\Source\queue.o
                0x080023e8                xQueueGenericCreateStatic
 .text.xQueueGenericCreate
                0x08002482       0x4e Middlewares\Third_Party\FreeRTOS\Source\queue.o
                0x08002482                xQueueGenericCreate
 .text.xQueueGenericSend
                0x080024d0      0x16c Middlewares\Third_Party\FreeRTOS\Source\queue.o
                0x080024d0                xQueueGenericSend
 .text.xQueueGenericSendFromISR
                0x0800263c       0xc4 Middlewares\Third_Party\FreeRTOS\Source\queue.o
                0x0800263c                xQueueGenericSendFromISR
 .text.xQueueReceive
                0x08002700      0x148 Middlewares\Third_Party\FreeRTOS\Source\queue.o
                0x08002700                xQueueReceive
 .text.xQueueReceiveFromISR
                0x08002848       0xa0 Middlewares\Third_Party\FreeRTOS\Source\queue.o
                0x08002848                xQueueReceiveFromISR
 .text.vQueueAddToRegistry
                0x080028e8       0x24 Middlewares\Third_Party\FreeRTOS\Source\queue.o
                0x080028e8                vQueueAddToRegistry
 .text.vQueueWaitForMessageRestricted
                0x0800290c       0x46 Middlewares\Third_Party\FreeRTOS\Source\queue.o
                0x0800290c                vQueueWaitForMessageRestricted
 *fill*         0x08002952        0x2 
 .text.prvAddNewTaskToReadyList
                0x08002954       0xfc Middlewares\Third_Party\FreeRTOS\Source\tasks.o
 .text.prvResetNextTaskUnblockTime
                0x08002a50       0x24 Middlewares\Third_Party\FreeRTOS\Source\tasks.o
 .text.prvInitialiseNewTask.isra.2
                0x08002a74       0x88 Middlewares\Third_Party\FreeRTOS\Source\tasks.o
 .text.prvDeleteTCB
                0x08002afc       0x36 Middlewares\Third_Party\FreeRTOS\Source\tasks.o
 *fill*         0x08002b32        0x2 
 .text.prvIdleTask
                0x08002b34       0x64 Middlewares\Third_Party\FreeRTOS\Source\tasks.o
 .text.prvAddCurrentTaskToDelayedList
                0x08002b98       0x74 Middlewares\Third_Party\FreeRTOS\Source\tasks.o
 .text.xTaskCreateStatic
                0x08002c0c       0x6e Middlewares\Third_Party\FreeRTOS\Source\tasks.o
                0x08002c0c                xTaskCreateStatic
 .text.xTaskCreate
                0x08002c7a       0x5a Middlewares\Third_Party\FreeRTOS\Source\tasks.o
                0x08002c7a                xTaskCreate
 .text.vTaskStartScheduler
                0x08002cd4       0x88 Middlewares\Third_Party\FreeRTOS\Source\tasks.o
                0x08002cd4                vTaskStartScheduler
 .text.vTaskSuspendAll
                0x08002d5c       0x10 Middlewares\Third_Party\FreeRTOS\Source\tasks.o
                0x08002d5c                vTaskSuspendAll
 .text.xTaskGetTickCount
                0x08002d6c        0xc Middlewares\Third_Party\FreeRTOS\Source\tasks.o
                0x08002d6c                xTaskGetTickCount
 .text.xTaskIncrementTick
                0x08002d78      0x120 Middlewares\Third_Party\FreeRTOS\Source\tasks.o
                0x08002d78                xTaskIncrementTick
 .text.xTaskResumeAll
                0x08002e98       0xe8 Middlewares\Third_Party\FreeRTOS\Source\tasks.o
                0x08002e98                xTaskResumeAll
 .text.vTaskDelay
                0x08002f80       0x48 Middlewares\Third_Party\FreeRTOS\Source\tasks.o
                0x08002f80                vTaskDelay
 .text.vTaskSwitchContext
                0x08002fc8       0x90 Middlewares\Third_Party\FreeRTOS\Source\tasks.o
                0x08002fc8                vTaskSwitchContext
 .text.vTaskPlaceOnEventList
                0x08003058       0x34 Middlewares\Third_Party\FreeRTOS\Source\tasks.o
                0x08003058                vTaskPlaceOnEventList
 .text.vTaskPlaceOnEventListRestricted
                0x0800308c       0x3c Middlewares\Third_Party\FreeRTOS\Source\tasks.o
                0x0800308c                vTaskPlaceOnEventListRestricted
 .text.xTaskRemoveFromEventList
                0x080030c8       0x80 Middlewares\Third_Party\FreeRTOS\Source\tasks.o
                0x080030c8                xTaskRemoveFromEventList
 .text.vTaskInternalSetTimeOutState
                0x08003148       0x18 Middlewares\Third_Party\FreeRTOS\Source\tasks.o
                0x08003148                vTaskInternalSetTimeOutState
 .text.xTaskCheckForTimeOut
                0x08003160       0x78 Middlewares\Third_Party\FreeRTOS\Source\tasks.o
                0x08003160                xTaskCheckForTimeOut
 .text.vTaskMissedYield
                0x080031d8        0xc Middlewares\Third_Party\FreeRTOS\Source\tasks.o
                0x080031d8                vTaskMissedYield
 .text.xTaskGetSchedulerState
                0x080031e4       0x20 Middlewares\Third_Party\FreeRTOS\Source\tasks.o
                0x080031e4                xTaskGetSchedulerState
 .text.xTaskPriorityDisinherit
                0x08003204       0x84 Middlewares\Third_Party\FreeRTOS\Source\tasks.o
                0x08003204                xTaskPriorityDisinherit
 .text.prvCheckForValidListAndQueue
                0x08003288       0x68 Middlewares\Third_Party\FreeRTOS\Source\timers.o
 .text.prvInsertTimerInActiveList
                0x080032f0       0x3c Middlewares\Third_Party\FreeRTOS\Source\timers.o
 .text.xTimerCreateTimerTask
                0x0800332c       0x68 Middlewares\Third_Party\FreeRTOS\Source\timers.o
                0x0800332c                xTimerCreateTimerTask
 .text.xTimerGenericCommand
                0x08003394       0x58 Middlewares\Third_Party\FreeRTOS\Source\timers.o
                0x08003394                xTimerGenericCommand
 .text.prvSwitchTimerLists
                0x080033ec       0x7c Middlewares\Third_Party\FreeRTOS\Source\timers.o
 .text.prvTimerTask
                0x08003468      0x1e4 Middlewares\Third_Party\FreeRTOS\Source\timers.o
 .text.C2C_HwResetAndPowerUp
                0x0800364c       0x58 Src\main.o
                0x0800364c                C2C_HwResetAndPowerUp
 .text.printMsg
                0x080036a4       0x30 Src\main.o
                0x080036a4                printMsg
 .text.MyTask   0x080036d4       0x3c Src\main.o
                0x080036d4                MyTask
 .text.StartDefaultTask
                0x08003710       0x50 Src\main.o
                0x08003710                StartDefaultTask
 .text.vApplicationStackOverflowHook
                0x08003760       0x30 Src\main.o
                0x08003760                vApplicationStackOverflowHook
 .text.SystemClock_Config
                0x08003790       0x90 Src\main.o
                0x08003790                SystemClock_Config
 .text.startup.main
                0x08003820      0x1b0 Src\main.o
                0x08003820                main
 .text.HAL_UART_RxCpltCallback
                0x080039d0       0x18 Src\main.o
                0x080039d0                HAL_UART_RxCpltCallback
 .text.HAL_TIM_PeriodElapsedCallback
                0x080039e8       0x14 Src\main.o
                0x080039e8                HAL_TIM_PeriodElapsedCallback
 .text.Error_Handler
                0x080039fc        0x2 Src\main.o
                0x080039fc                Error_Handler
 *fill*         0x080039fe        0x2 
 .text.HAL_MspInit
                0x08003a00       0x44 Src\stm32f4xx_hal_msp.o
                0x08003a00                HAL_MspInit
 .text.HAL_UART_MspInit
                0x08003a44       0xf8 Src\stm32f4xx_hal_msp.o
                0x08003a44                HAL_UART_MspInit
 .text.HAL_InitTick
                0x08003b3c       0x78 Src\stm32f4xx_hal_timebase_tim.o
                0x08003b3c                HAL_InitTick
 .text.NMI_Handler
                0x08003bb4        0x2 Src\stm32f4xx_it.o
                0x08003bb4                NMI_Handler
 .text.HardFault_Handler
                0x08003bb6        0x2 Src\stm32f4xx_it.o
                0x08003bb6                HardFault_Handler
 .text.MemManage_Handler
                0x08003bb8        0x2 Src\stm32f4xx_it.o
                0x08003bb8                MemManage_Handler
 .text.BusFault_Handler
                0x08003bba        0x2 Src\stm32f4xx_it.o
                0x08003bba                BusFault_Handler
 .text.UsageFault_Handler
                0x08003bbc        0x2 Src\stm32f4xx_it.o
                0x08003bbc                UsageFault_Handler
 .text.DebugMon_Handler
                0x08003bbe        0x2 Src\stm32f4xx_it.o
                0x08003bbe                DebugMon_Handler
 .text.DMA1_Stream5_IRQHandler
                0x08003bc0        0xc Src\stm32f4xx_it.o
                0x08003bc0                DMA1_Stream5_IRQHandler
 .text.DMA1_Stream6_IRQHandler
                0x08003bcc        0xc Src\stm32f4xx_it.o
                0x08003bcc                DMA1_Stream6_IRQHandler
 .text.TIM1_UP_TIM10_IRQHandler
                0x08003bd8        0xc Src\stm32f4xx_it.o
                0x08003bd8                TIM1_UP_TIM10_IRQHandler
 .text.USART2_IRQHandler
                0x08003be4        0xc Src\stm32f4xx_it.o
                0x08003be4                USART2_IRQHandler
 .text.SystemInit
                0x08003bf0       0x4c Src\system_stm32f4xx.o
                0x08003bf0                SystemInit
 .text.Reset_Handler
                0x08003c3c       0x50 startup\startup_stm32f405xx.o
                0x08003c3c                Reset_Handler
 .text.Default_Handler
                0x08003c8c        0x2 startup\startup_stm32f405xx.o
                0x08003c8c                RTC_Alarm_IRQHandler
                0x08003c8c                HASH_RNG_IRQHandler
                0x08003c8c                EXTI2_IRQHandler
                0x08003c8c                TIM8_CC_IRQHandler
                0x08003c8c                TIM1_CC_IRQHandler
                0x08003c8c                DMA2_Stream5_IRQHandler
                0x08003c8c                PVD_IRQHandler
                0x08003c8c                SDIO_IRQHandler
                0x08003c8c                TAMP_STAMP_IRQHandler
                0x08003c8c                CAN2_RX1_IRQHandler
                0x08003c8c                EXTI3_IRQHandler
                0x08003c8c                TIM8_TRG_COM_TIM14_IRQHandler
                0x08003c8c                TIM8_UP_TIM13_IRQHandler
                0x08003c8c                I2C3_ER_IRQHandler
                0x08003c8c                EXTI0_IRQHandler
                0x08003c8c                I2C2_EV_IRQHandler
                0x08003c8c                DMA1_Stream2_IRQHandler
                0x08003c8c                CAN1_RX0_IRQHandler
                0x08003c8c                FPU_IRQHandler
                0x08003c8c                OTG_HS_WKUP_IRQHandler
                0x08003c8c                CAN2_SCE_IRQHandler
                0x08003c8c                DMA2_Stream2_IRQHandler
                0x08003c8c                SPI1_IRQHandler
                0x08003c8c                TIM6_DAC_IRQHandler
                0x08003c8c                TIM1_BRK_TIM9_IRQHandler
                0x08003c8c                CAN2_RX0_IRQHandler
                0x08003c8c                DMA2_Stream3_IRQHandler
                0x08003c8c                USART6_IRQHandler
                0x08003c8c                USART3_IRQHandler
                0x08003c8c                CAN1_RX1_IRQHandler
                0x08003c8c                UART5_IRQHandler
                0x08003c8c                DMA2_Stream0_IRQHandler
                0x08003c8c                TIM4_IRQHandler
                0x08003c8c                I2C1_EV_IRQHandler
                0x08003c8c                DMA1_Stream1_IRQHandler
                0x08003c8c                UART4_IRQHandler
                0x08003c8c                TIM3_IRQHandler
                0x08003c8c                RCC_IRQHandler
                0x08003c8c                TIM8_BRK_TIM12_IRQHandler
                0x08003c8c                Default_Handler
                0x08003c8c                EXTI15_10_IRQHandler
                0x08003c8c                ADC_IRQHandler
                0x08003c8c                DMA1_Stream7_IRQHandler
                0x08003c8c                TIM7_IRQHandler
                0x08003c8c                CAN2_TX_IRQHandler
                0x08003c8c                TIM5_IRQHandler
                0x08003c8c                DMA2_Stream7_IRQHandler
                0x08003c8c                I2C3_EV_IRQHandler
                0x08003c8c                EXTI9_5_IRQHandler
                0x08003c8c                RTC_WKUP_IRQHandler
                0x08003c8c                SPI2_IRQHandler
                0x08003c8c                OTG_HS_EP1_IN_IRQHandler
                0x08003c8c                DMA1_Stream0_IRQHandler
                0x08003c8c                CAN1_TX_IRQHandler
                0x08003c8c                EXTI4_IRQHandler
                0x08003c8c                FSMC_IRQHandler
                0x08003c8c                OTG_HS_EP1_OUT_IRQHandler
                0x08003c8c                WWDG_IRQHandler
                0x08003c8c                TIM2_IRQHandler
                0x08003c8c                OTG_FS_WKUP_IRQHandler
                0x08003c8c                TIM1_TRG_COM_TIM11_IRQHandler
                0x08003c8c                OTG_HS_IRQHandler
                0x08003c8c                EXTI1_IRQHandler
                0x08003c8c                I2C2_ER_IRQHandler
                0x08003c8c                DMA2_Stream1_IRQHandler
                0x08003c8c                CAN1_SCE_IRQHandler
                0x08003c8c                FLASH_IRQHandler
                0x08003c8c                DMA2_Stream4_IRQHandler
                0x08003c8c                USART1_IRQHandler
                0x08003c8c                OTG_FS_IRQHandler
                0x08003c8c                SPI3_IRQHandler
                0x08003c8c                DMA1_Stream4_IRQHandler
                0x08003c8c                I2C1_ER_IRQHandler
                0x08003c8c                DMA2_Stream6_IRQHandler
                0x08003c8c                DMA1_Stream3_IRQHandler
 *fill*         0x08003c8e        0x2 
 .text.__libc_init_array
                0x08003c90       0x48 c:/program files (x86)/atollic/truestudio for stm32 9.3.0/armtools/bin/../lib/gcc/arm-atollic-eabi/6.3.1/../../../../arm-atollic-eabi/lib/armv7e-m/fpu\libc_nano.a(lib_a-init.o)
                0x08003c90                __libc_init_array
 .text.memcpy   0x08003cd8       0x16 c:/program files (x86)/atollic/truestudio for stm32 9.3.0/armtools/bin/../lib/gcc/arm-atollic-eabi/6.3.1/../../../../arm-atollic-eabi/lib/armv7e-m/fpu\libc_nano.a(lib_a-memcpy-stub.o)
                0x08003cd8                memcpy
 .text.memset   0x08003cee       0x10 c:/program files (x86)/atollic/truestudio for stm32 9.3.0/armtools/bin/../lib/gcc/arm-atollic-eabi/6.3.1/../../../../arm-atollic-eabi/lib/armv7e-m/fpu\libc_nano.a(lib_a-memset.o)
                0x08003cee                memset
 *(.glue_7)
 .glue_7        0x08003cfe        0x0 linker stubs
 *(.glue_7t)
 .glue_7t       0x08003cfe        0x0 linker stubs
 *(.eh_frame)
 *fill*         0x08003cfe        0x2 
 .eh_frame      0x08003d00        0x0 c:/program files (x86)/atollic/truestudio for stm32 9.3.0/armtools/bin/../lib/gcc/arm-atollic-eabi/6.3.1/armv7e-m/fpu/crtbegin.o
 *(.init)
 .init          0x08003d00        0x4 c:/program files (x86)/atollic/truestudio for stm32 9.3.0/armtools/bin/../lib/gcc/arm-atollic-eabi/6.3.1/armv7e-m/fpu/crti.o
                0x08003d00                _init
 .init          0x08003d04        0x8 c:/program files (x86)/atollic/truestudio for stm32 9.3.0/armtools/bin/../lib/gcc/arm-atollic-eabi/6.3.1/armv7e-m/fpu/crtn.o
 *(.fini)
 .fini          0x08003d0c        0x4 c:/program files (x86)/atollic/truestudio for stm32 9.3.0/armtools/bin/../lib/gcc/arm-atollic-eabi/6.3.1/armv7e-m/fpu/crti.o
                0x08003d0c                _fini
 .fini          0x08003d10        0x8 c:/program files (x86)/atollic/truestudio for stm32 9.3.0/armtools/bin/../lib/gcc/arm-atollic-eabi/6.3.1/armv7e-m/fpu/crtn.o
                0x08003d18                . = ALIGN (0x4)
                0x08003d18                _etext = .

.vfp11_veneer   0x08003d18        0x0
 .vfp11_veneer  0x08003d18        0x0 linker stubs

.v4_bx          0x08003d18        0x0
 .v4_bx         0x08003d18        0x0 linker stubs

.iplt           0x08003d18        0x0
 .iplt          0x08003d18        0x0 c:/program files (x86)/atollic/truestudio for stm32 9.3.0/armtools/bin/../lib/gcc/arm-atollic-eabi/6.3.1/armv7e-m/fpu/crtbegin.o

.rodata         0x08003d18       0x5c
                0x08003d18                . = ALIGN (0x4)
 *(.rodata)
 *(.rodata*)
 .rodata.flagBitshiftOffset.7896
                0x08003d18        0x8 Drivers\STM32F4xx_HAL_Driver\Src\stm32f4xx_hal_dma.o
 .rodata.vTaskStartScheduler.str1.1
                0x08003d20        0x5 Middlewares\Third_Party\FreeRTOS\Source\tasks.o
 .rodata.prvCheckForValidListAndQueue.str1.1
                0x08003d25        0x5 Middlewares\Third_Party\FreeRTOS\Source\timers.o
 .rodata.xTimerCreateTimerTask.str1.1
                0x08003d2a        0x8 Middlewares\Third_Party\FreeRTOS\Source\timers.o
 .rodata.MyTask.str1.1
                0x08003d32        0x5 Src\main.o
 .rodata.main.str1.1
                0x08003d37       0x13 Src\main.o
 .rodata.vApplicationStackOverflowHook.str1.1
                0x08003d4a       0x10 Src\main.o
                                 0x13 (size before relaxing)
 .rodata.AHBPrescTable
                0x08003d5a       0x10 Src\system_stm32f4xx.o
                0x08003d5a                AHBPrescTable
 .rodata.APBPrescTable
                0x08003d6a        0x8 Src\system_stm32f4xx.o
                0x08003d6a                APBPrescTable
                0x08003d74                . = ALIGN (0x4)
 *fill*         0x08003d72        0x2 

.ARM.extab
 *(.ARM.extab* .gnu.linkonce.armextab.*)

.ARM            0x08003d74        0x8
                0x08003d74                __exidx_start = .
 *(.ARM.exidx*)
 .ARM.exidx     0x08003d74        0x8 c:/program files (x86)/atollic/truestudio for stm32 9.3.0/armtools/bin/../lib/gcc/arm-atollic-eabi/6.3.1/armv7e-m/fpu\libgcc.a(_udivmoddi4.o)
                0x08003d7c                __exidx_end = .

.rel.dyn        0x08003d7c        0x0
 .rel.iplt      0x08003d7c        0x0 c:/program files (x86)/atollic/truestudio for stm32 9.3.0/armtools/bin/../lib/gcc/arm-atollic-eabi/6.3.1/armv7e-m/fpu/crtbegin.o

.preinit_array  0x08003d7c        0x0
                0x08003d7c                PROVIDE (__preinit_array_start, .)
 *(.preinit_array*)
                0x08003d7c                PROVIDE (__preinit_array_end, .)

.init_array     0x08003d7c        0x4
                0x08003d7c                PROVIDE (__init_array_start, .)
 *(SORT(.init_array.*))
 *(.init_array*)
 .init_array    0x08003d7c        0x4 c:/program files (x86)/atollic/truestudio for stm32 9.3.0/armtools/bin/../lib/gcc/arm-atollic-eabi/6.3.1/armv7e-m/fpu/crtbegin.o
                0x08003d80                PROVIDE (__init_array_end, .)

.fini_array     0x08003d80        0x4
                [!provide]                PROVIDE (__fini_array_start, .)
 *(SORT(.fini_array.*))
 *(.fini_array*)
 .fini_array    0x08003d80        0x4 c:/program files (x86)/atollic/truestudio for stm32 9.3.0/armtools/bin/../lib/gcc/arm-atollic-eabi/6.3.1/armv7e-m/fpu/crtbegin.o
                [!provide]                PROVIDE (__fini_array_end, .)
                0x08003d84                _sidata = LOADADDR (.data)

.data           0x20000000        0xc load address 0x08003d84
                0x20000000                . = ALIGN (0x4)
                0x20000000                _sdata = .
 *(.data)
 *(.data*)
 .data.uwTickFreq
                0x20000000        0x1 Drivers\STM32F4xx_HAL_Driver\Src\stm32f4xx_hal.o
                0x20000000                uwTickFreq
 *fill*         0x20000001        0x3 
 .data.uxCriticalNesting
                0x20000004        0x4 Middlewares\Third_Party\FreeRTOS\Source\portable\GCC\ARM_CM4F\port.o
 .data.SystemCoreClock
                0x20000008        0x4 Src\system_stm32f4xx.o
                0x20000008                SystemCoreClock
                0x2000000c                . = ALIGN (0x4)
                0x2000000c                _edata = .
                0x08003d90                _siccmram = LOADADDR (.ccmram)

.igot.plt       0x2000000c        0x0 load address 0x08003d90
 .igot.plt      0x2000000c        0x0 c:/program files (x86)/atollic/truestudio for stm32 9.3.0/armtools/bin/../lib/gcc/arm-atollic-eabi/6.3.1/armv7e-m/fpu/crtbegin.o

.ccmram         0x10000000        0x0 load address 0x08003d90
                0x10000000                . = ALIGN (0x4)
                0x10000000                _sccmram = .
 *(.ccmram)
 *(.ccmram*)
                0x10000000                . = ALIGN (0x4)
                0x10000000                _eccmram = .
                0x10000000                . = ALIGN (0x4)

.bss            0x2000000c     0x4ab4
                0x2000000c                _sbss = .
                0x2000000c                __bss_start__ = _sbss
 *(.bss)
 .bss           0x2000000c       0x1c c:/program files (x86)/atollic/truestudio for stm32 9.3.0/armtools/bin/../lib/gcc/arm-atollic-eabi/6.3.1/armv7e-m/fpu/crtbegin.o
 *(.bss*)
 .bss.Idle_Stack
                0x20000028      0x200 Middlewares\Third_Party\FreeRTOS\Source\CMSIS_RTOS_V2\cmsis_os2.o
 .bss.Idle_TCB  0x20000228       0x5c Middlewares\Third_Party\FreeRTOS\Source\CMSIS_RTOS_V2\cmsis_os2.o
 .bss.KernelState
                0x20000284        0x4 Middlewares\Third_Party\FreeRTOS\Source\CMSIS_RTOS_V2\cmsis_os2.o
 .bss.Timer_Stack
                0x20000288      0x400 Middlewares\Third_Party\FreeRTOS\Source\CMSIS_RTOS_V2\cmsis_os2.o
 .bss.Timer_TCB
                0x20000688       0x5c Middlewares\Third_Party\FreeRTOS\Source\CMSIS_RTOS_V2\cmsis_os2.o
 .bss.ucMaxSysCallPriority
                0x200006e4        0x1 Middlewares\Third_Party\FreeRTOS\Source\portable\GCC\ARM_CM4F\port.o
 *fill*         0x200006e5        0x3 
 .bss.ulMaxPRIGROUPValue
                0x200006e8        0x4 Middlewares\Third_Party\FreeRTOS\Source\portable\GCC\ARM_CM4F\port.o
 .bss.pxEnd     0x200006ec        0x4 Middlewares\Third_Party\FreeRTOS\Source\portable\MemMang\heap_4.o
 .bss.ucHeap    0x200006f0     0x3c00 Middlewares\Third_Party\FreeRTOS\Source\portable\MemMang\heap_4.o
 .bss.xBlockAllocatedBit
                0x200042f0        0x4 Middlewares\Third_Party\FreeRTOS\Source\portable\MemMang\heap_4.o
 .bss.xFreeBytesRemaining
                0x200042f4        0x4 Middlewares\Third_Party\FreeRTOS\Source\portable\MemMang\heap_4.o
 .bss.xMinimumEverFreeBytesRemaining
                0x200042f8        0x4 Middlewares\Third_Party\FreeRTOS\Source\portable\MemMang\heap_4.o
 .bss.xStart    0x200042fc        0x8 Middlewares\Third_Party\FreeRTOS\Source\portable\MemMang\heap_4.o
 .bss.pxCurrentTCB
                0x20004304        0x4 Middlewares\Third_Party\FreeRTOS\Source\tasks.o
                0x20004304                pxCurrentTCB
 .bss.pxDelayedTaskList
                0x20004308        0x4 Middlewares\Third_Party\FreeRTOS\Source\tasks.o
 .bss.pxOverflowDelayedTaskList
                0x2000430c        0x4 Middlewares\Third_Party\FreeRTOS\Source\tasks.o
 .bss.pxReadyTasksLists
                0x20004310      0x460 Middlewares\Third_Party\FreeRTOS\Source\tasks.o
 .bss.uxCurrentNumberOfTasks
                0x20004770        0x4 Middlewares\Third_Party\FreeRTOS\Source\tasks.o
 .bss.uxDeletedTasksWaitingCleanUp
                0x20004774        0x4 Middlewares\Third_Party\FreeRTOS\Source\tasks.o
 .bss.uxPendedTicks
                0x20004778        0x4 Middlewares\Third_Party\FreeRTOS\Source\tasks.o
 .bss.uxSchedulerSuspended
                0x2000477c        0x4 Middlewares\Third_Party\FreeRTOS\Source\tasks.o
 .bss.uxTaskNumber
                0x20004780        0x4 Middlewares\Third_Party\FreeRTOS\Source\tasks.o
 .bss.uxTopReadyPriority
                0x20004784        0x4 Middlewares\Third_Party\FreeRTOS\Source\tasks.o
 .bss.xDelayedTaskList1
                0x20004788       0x14 Middlewares\Third_Party\FreeRTOS\Source\tasks.o
 .bss.xDelayedTaskList2
                0x2000479c       0x14 Middlewares\Third_Party\FreeRTOS\Source\tasks.o
 .bss.xNextTaskUnblockTime
                0x200047b0        0x4 Middlewares\Third_Party\FreeRTOS\Source\tasks.o
 .bss.xNumOfOverflows
                0x200047b4        0x4 Middlewares\Third_Party\FreeRTOS\Source\tasks.o
 .bss.xPendingReadyList
                0x200047b8       0x14 Middlewares\Third_Party\FreeRTOS\Source\tasks.o
 .bss.xSchedulerRunning
                0x200047cc        0x4 Middlewares\Third_Party\FreeRTOS\Source\tasks.o
 .bss.xSuspendedTaskList
                0x200047d0       0x14 Middlewares\Third_Party\FreeRTOS\Source\tasks.o
 .bss.xTasksWaitingTermination
                0x200047e4       0x14 Middlewares\Third_Party\FreeRTOS\Source\tasks.o
 .bss.xTickCount
                0x200047f8        0x4 Middlewares\Third_Party\FreeRTOS\Source\tasks.o
 .bss.xYieldPending
                0x200047fc        0x4 Middlewares\Third_Party\FreeRTOS\Source\tasks.o
 .bss.pxCurrentTimerList
                0x20004800        0x4 Middlewares\Third_Party\FreeRTOS\Source\timers.o
 .bss.pxOverflowTimerList
                0x20004804        0x4 Middlewares\Third_Party\FreeRTOS\Source\timers.o
 .bss.ucStaticTimerQueueStorage.6636
                0x20004808       0xa0 Middlewares\Third_Party\FreeRTOS\Source\timers.o
 .bss.xActiveTimerList1
                0x200048a8       0x14 Middlewares\Third_Party\FreeRTOS\Source\timers.o
 .bss.xActiveTimerList2
                0x200048bc       0x14 Middlewares\Third_Party\FreeRTOS\Source\timers.o
 .bss.xLastTime.6585
                0x200048d0        0x4 Middlewares\Third_Party\FreeRTOS\Source\timers.o
 .bss.xStaticTimerQueue.6635
                0x200048d4       0x50 Middlewares\Third_Party\FreeRTOS\Source\timers.o
 .bss.xTimerQueue
                0x20004924        0x4 Middlewares\Third_Party\FreeRTOS\Source\timers.o
 .bss.xTimerTaskHandle
                0x20004928        0x4 Middlewares\Third_Party\FreeRTOS\Source\timers.o
 *(COMMON)
 COMMON         0x2000492c        0x4 Drivers\STM32F4xx_HAL_Driver\Src\stm32f4xx_hal.o
                0x2000492c                uwTick
 COMMON         0x20004930       0x40 Middlewares\Third_Party\FreeRTOS\Source\queue.o
                0x20004930                xQueueRegistry
 COMMON         0x20004970      0x110 Src\main.o
                0x20004970                defaultTaskHandle
                0x20004974                hdma_usart2_rx
                0x200049d4                rxQueue
                0x200049d8                cIn
                0x200049dc                MyTaskHandle
                0x200049e0                hdma_usart2_tx
                0x20004a40                huart2
 COMMON         0x20004a80       0x40 Src\stm32f4xx_hal_timebase_tim.o
                0x20004a80                htim1
                0x20004ac0                . = ALIGN (0x4)
                0x20004ac0                _ebss = .
                0x20004ac0                __bss_end__ = _ebss

._user_heap_stack
                0x20004ac0      0x600
                0x20004ac0                . = ALIGN (0x4)
                0x20004ac0                PROVIDE (end, .)
                [!provide]                PROVIDE (_end, .)
                0x20004cc0                . = (. + _Min_Heap_Size)
 *fill*         0x20004ac0      0x200 
                0x200050c0                . = (. + _Min_Stack_Size)
 *fill*         0x20004cc0      0x400 
                0x200050c0                . = ALIGN (0x4)

/DISCARD/
 libc.a(*)
 libm.a(*)
 libgcc.a(*)

.ARM.attributes
                0x00000000       0x30
 *(.ARM.attributes)
 .ARM.attributes
                0x00000000       0x22 c:/program files (x86)/atollic/truestudio for stm32 9.3.0/armtools/bin/../lib/gcc/arm-atollic-eabi/6.3.1/armv7e-m/fpu/crti.o
 .ARM.attributes
                0x00000022       0x34 c:/program files (x86)/atollic/truestudio for stm32 9.3.0/armtools/bin/../lib/gcc/arm-atollic-eabi/6.3.1/armv7e-m/fpu/crtbegin.o
 .ARM.attributes
                0x00000056       0x39 Drivers\STM32F4xx_HAL_Driver\Src\stm32f4xx_hal.o
 .ARM.attributes
                0x0000008f       0x39 Drivers\STM32F4xx_HAL_Driver\Src\stm32f4xx_hal_cortex.o
 .ARM.attributes
                0x000000c8       0x39 Drivers\STM32F4xx_HAL_Driver\Src\stm32f4xx_hal_dma.o
 .ARM.attributes
                0x00000101       0x39 Drivers\STM32F4xx_HAL_Driver\Src\stm32f4xx_hal_gpio.o
 .ARM.attributes
                0x0000013a       0x39 Drivers\STM32F4xx_HAL_Driver\Src\stm32f4xx_hal_rcc.o
 .ARM.attributes
                0x00000173       0x39 Drivers\STM32F4xx_HAL_Driver\Src\stm32f4xx_hal_tim.o
 .ARM.attributes
                0x000001ac       0x39 Drivers\STM32F4xx_HAL_Driver\Src\stm32f4xx_hal_tim_ex.o
 .ARM.attributes
                0x000001e5       0x39 Drivers\STM32F4xx_HAL_Driver\Src\stm32f4xx_hal_uart.o
 .ARM.attributes
                0x0000021e       0x39 Middlewares\Third_Party\FreeRTOS\Source\CMSIS_RTOS_V2\cmsis_os2.o
 .ARM.attributes
                0x00000257       0x39 Middlewares\Third_Party\FreeRTOS\Source\list.o
 .ARM.attributes
                0x00000290       0x39 Middlewares\Third_Party\FreeRTOS\Source\portable\GCC\ARM_CM4F\port.o
 .ARM.attributes
                0x000002c9       0x39 Middlewares\Third_Party\FreeRTOS\Source\portable\MemMang\heap_4.o
 .ARM.attributes
                0x00000302       0x39 Middlewares\Third_Party\FreeRTOS\Source\queue.o
 .ARM.attributes
                0x0000033b       0x39 Middlewares\Third_Party\FreeRTOS\Source\tasks.o
 .ARM.attributes
                0x00000374       0x39 Middlewares\Third_Party\FreeRTOS\Source\timers.o
 .ARM.attributes
                0x000003ad       0x39 Src\main.o
 .ARM.attributes
                0x000003e6       0x39 Src\stm32f4xx_hal_msp.o
 .ARM.attributes
                0x0000041f       0x39 Src\stm32f4xx_hal_timebase_tim.o
 .ARM.attributes
                0x00000458       0x39 Src\stm32f4xx_it.o
 .ARM.attributes
                0x00000491       0x39 Src\system_stm32f4xx.o
 .ARM.attributes
                0x000004ca       0x21 startup\startup_stm32f405xx.o
 .ARM.attributes
                0x000004eb       0x34 c:/program files (x86)/atollic/truestudio for stm32 9.3.0/armtools/bin/../lib/gcc/arm-atollic-eabi/6.3.1/../../../../arm-atollic-eabi/lib/armv7e-m/fpu\libc_nano.a(lib_a-init.o)
 .ARM.attributes
                0x0000051f       0x34 c:/program files (x86)/atollic/truestudio for stm32 9.3.0/armtools/bin/../lib/gcc/arm-atollic-eabi/6.3.1/../../../../arm-atollic-eabi/lib/armv7e-m/fpu\libc_nano.a(lib_a-memcpy-stub.o)
 .ARM.attributes
                0x00000553       0x34 c:/program files (x86)/atollic/truestudio for stm32 9.3.0/armtools/bin/../lib/gcc/arm-atollic-eabi/6.3.1/../../../../arm-atollic-eabi/lib/armv7e-m/fpu\libc_nano.a(lib_a-memset.o)
 .ARM.attributes
                0x00000587       0x1b c:/program files (x86)/atollic/truestudio for stm32 9.3.0/armtools/bin/../lib/gcc/arm-atollic-eabi/6.3.1/../../../../arm-atollic-eabi/lib/armv7e-m/fpu\libc_nano.a(lib_a-strlen.o)
 .ARM.attributes
                0x000005a2       0x22 c:/program files (x86)/atollic/truestudio for stm32 9.3.0/armtools/bin/../lib/gcc/arm-atollic-eabi/6.3.1/armv7e-m/fpu\libgcc.a(_aeabi_uldivmod.o)
 .ARM.attributes
                0x000005c4       0x34 c:/program files (x86)/atollic/truestudio for stm32 9.3.0/armtools/bin/../lib/gcc/arm-atollic-eabi/6.3.1/armv7e-m/fpu\libgcc.a(_udivmoddi4.o)
 .ARM.attributes
                0x000005f8       0x22 c:/program files (x86)/atollic/truestudio for stm32 9.3.0/armtools/bin/../lib/gcc/arm-atollic-eabi/6.3.1/armv7e-m/fpu\libgcc.a(_dvmd_tls.o)
 .ARM.attributes
                0x0000061a       0x22 c:/program files (x86)/atollic/truestudio for stm32 9.3.0/armtools/bin/../lib/gcc/arm-atollic-eabi/6.3.1/armv7e-m/fpu/crtn.o
OUTPUT(ModemTest.elf elf32-littlearm)

.debug_info     0x00000000    0x1c988
 .debug_info    0x00000000      0x9dd Drivers\STM32F4xx_HAL_Driver\Src\stm32f4xx_hal.o
 .debug_info    0x000009dd      0xf27 Drivers\STM32F4xx_HAL_Driver\Src\stm32f4xx_hal_cortex.o
 .debug_info    0x00001904      0xa4c Drivers\STM32F4xx_HAL_Driver\Src\stm32f4xx_hal_dma.o
 .debug_info    0x00002350      0x775 Drivers\STM32F4xx_HAL_Driver\Src\stm32f4xx_hal_gpio.o
 .debug_info    0x00002ac5      0xa57 Drivers\STM32F4xx_HAL_Driver\Src\stm32f4xx_hal_rcc.o
 .debug_info    0x0000351c     0x34cf Drivers\STM32F4xx_HAL_Driver\Src\stm32f4xx_hal_tim.o
 .debug_info    0x000069eb     0x12fe Drivers\STM32F4xx_HAL_Driver\Src\stm32f4xx_hal_tim_ex.o
 .debug_info    0x00007ce9     0x16c9 Drivers\STM32F4xx_HAL_Driver\Src\stm32f4xx_hal_uart.o
 .debug_info    0x000093b2     0x49c9 Middlewares\Third_Party\FreeRTOS\Source\CMSIS_RTOS_V2\cmsis_os2.o
 .debug_info    0x0000dd7b      0xac5 Middlewares\Third_Party\FreeRTOS\Source\list.o
 .debug_info    0x0000e840      0x572 Middlewares\Third_Party\FreeRTOS\Source\portable\GCC\ARM_CM4F\port.o
 .debug_info    0x0000edb2      0xca5 Middlewares\Third_Party\FreeRTOS\Source\portable\MemMang\heap_4.o
 .debug_info    0x0000fa57     0x2ce4 Middlewares\Third_Party\FreeRTOS\Source\queue.o
 .debug_info    0x0001273b     0x361d Middlewares\Third_Party\FreeRTOS\Source\tasks.o
 .debug_info    0x00015d58     0x2109 Middlewares\Third_Party\FreeRTOS\Source\timers.o
 .debug_info    0x00017e61     0x245d Src\main.o
 .debug_info    0x0001a2be      0xca2 Src\stm32f4xx_hal_msp.o
 .debug_info    0x0001af60      0xb8e Src\stm32f4xx_hal_timebase_tim.o
 .debug_info    0x0001baee      0x923 Src\stm32f4xx_it.o
 .debug_info    0x0001c411      0x50a Src\system_stm32f4xx.o
 .debug_info    0x0001c91b       0x6d startup\startup_stm32f405xx.o

.debug_abbrev   0x00000000     0x3821
 .debug_abbrev  0x00000000      0x23d Drivers\STM32F4xx_HAL_Driver\Src\stm32f4xx_hal.o
 .debug_abbrev  0x0000023d      0x314 Drivers\STM32F4xx_HAL_Driver\Src\stm32f4xx_hal_cortex.o
 .debug_abbrev  0x00000551      0x2e8 Drivers\STM32F4xx_HAL_Driver\Src\stm32f4xx_hal_dma.o
 .debug_abbrev  0x00000839      0x1ef Drivers\STM32F4xx_HAL_Driver\Src\stm32f4xx_hal_gpio.o
 .debug_abbrev  0x00000a28      0x2cb Drivers\STM32F4xx_HAL_Driver\Src\stm32f4xx_hal_rcc.o
 .debug_abbrev  0x00000cf3      0x324 Drivers\STM32F4xx_HAL_Driver\Src\stm32f4xx_hal_tim.o
 .debug_abbrev  0x00001017      0x29c Drivers\STM32F4xx_HAL_Driver\Src\stm32f4xx_hal_tim_ex.o
 .debug_abbrev  0x000012b3      0x2fb Drivers\STM32F4xx_HAL_Driver\Src\stm32f4xx_hal_uart.o
 .debug_abbrev  0x000015ae      0x472 Middlewares\Third_Party\FreeRTOS\Source\CMSIS_RTOS_V2\cmsis_os2.o
 .debug_abbrev  0x00001a20      0x1ea Middlewares\Third_Party\FreeRTOS\Source\list.o
 .debug_abbrev  0x00001c0a      0x23a Middlewares\Third_Party\FreeRTOS\Source\portable\GCC\ARM_CM4F\port.o
 .debug_abbrev  0x00001e44      0x314 Middlewares\Third_Party\FreeRTOS\Source\portable\MemMang\heap_4.o
 .debug_abbrev  0x00002158      0x3fb Middlewares\Third_Party\FreeRTOS\Source\queue.o
 .debug_abbrev  0x00002553      0x433 Middlewares\Third_Party\FreeRTOS\Source\tasks.o
 .debug_abbrev  0x00002986      0x3de Middlewares\Third_Party\FreeRTOS\Source\timers.o
 .debug_abbrev  0x00002d64      0x42e Src\main.o
 .debug_abbrev  0x00003192      0x1e4 Src\stm32f4xx_hal_msp.o
 .debug_abbrev  0x00003376      0x1e7 Src\stm32f4xx_hal_timebase_tim.o
 .debug_abbrev  0x0000355d      0x1a4 Src\stm32f4xx_it.o
 .debug_abbrev  0x00003701      0x10e Src\system_stm32f4xx.o
 .debug_abbrev  0x0000380f       0x12 startup\startup_stm32f405xx.o

.debug_loc      0x00000000     0xd050
 .debug_loc     0x00000000      0x11b Drivers\STM32F4xx_HAL_Driver\Src\stm32f4xx_hal.o
 .debug_loc     0x0000011b      0x4fb Drivers\STM32F4xx_HAL_Driver\Src\stm32f4xx_hal_cortex.o
 .debug_loc     0x00000616      0x727 Drivers\STM32F4xx_HAL_Driver\Src\stm32f4xx_hal_dma.o
 .debug_loc     0x00000d3d      0x36d Drivers\STM32F4xx_HAL_Driver\Src\stm32f4xx_hal_gpio.o
 .debug_loc     0x000010aa      0x336 Drivers\STM32F4xx_HAL_Driver\Src\stm32f4xx_hal_rcc.o
 .debug_loc     0x000013e0     0x3009 Drivers\STM32F4xx_HAL_Driver\Src\stm32f4xx_hal_tim.o
 .debug_loc     0x000043e9      0xa7c Drivers\STM32F4xx_HAL_Driver\Src\stm32f4xx_hal_tim_ex.o
 .debug_loc     0x00004e65     0x1335 Drivers\STM32F4xx_HAL_Driver\Src\stm32f4xx_hal_uart.o
 .debug_loc     0x0000619a     0x2b0d Middlewares\Third_Party\FreeRTOS\Source\CMSIS_RTOS_V2\cmsis_os2.o
 .debug_loc     0x00008ca7       0x94 Middlewares\Third_Party\FreeRTOS\Source\list.o
 .debug_loc     0x00008d3b       0xcf Middlewares\Third_Party\FreeRTOS\Source\portable\GCC\ARM_CM4F\port.o
 .debug_loc     0x00008e0a      0x390 Middlewares\Third_Party\FreeRTOS\Source\portable\MemMang\heap_4.o
 .debug_loc     0x0000919a     0x14f2 Middlewares\Third_Party\FreeRTOS\Source\queue.o
 .debug_loc     0x0000a68c     0x1aa5 Middlewares\Third_Party\FreeRTOS\Source\tasks.o
 .debug_loc     0x0000c131      0xbe6 Middlewares\Third_Party\FreeRTOS\Source\timers.o
 .debug_loc     0x0000cd17      0x126 Src\main.o
 .debug_loc     0x0000ce3d       0x63 Src\stm32f4xx_hal_msp.o
 .debug_loc     0x0000cea0       0x94 Src\stm32f4xx_hal_timebase_tim.o
 .debug_loc     0x0000cf34      0x11c Src\system_stm32f4xx.o

.debug_aranges  0x00000000     0x1048
 .debug_aranges
                0x00000000       0xe8 Drivers\STM32F4xx_HAL_Driver\Src\stm32f4xx_hal.o
 .debug_aranges
                0x000000e8       0xa8 Drivers\STM32F4xx_HAL_Driver\Src\stm32f4xx_hal_cortex.o
 .debug_aranges
                0x00000190       0x80 Drivers\STM32F4xx_HAL_Driver\Src\stm32f4xx_hal_dma.o
 .debug_aranges
                0x00000210       0x58 Drivers\STM32F4xx_HAL_Driver\Src\stm32f4xx_hal_gpio.o
 .debug_aranges
                0x00000268       0x88 Drivers\STM32F4xx_HAL_Driver\Src\stm32f4xx_hal_rcc.o
 .debug_aranges
                0x000002f0      0x278 Drivers\STM32F4xx_HAL_Driver\Src\stm32f4xx_hal_tim.o
 .debug_aranges
                0x00000568       0xf8 Drivers\STM32F4xx_HAL_Driver\Src\stm32f4xx_hal_tim_ex.o
 .debug_aranges
                0x00000660      0x170 Drivers\STM32F4xx_HAL_Driver\Src\stm32f4xx_hal_uart.o
 .debug_aranges
                0x000007d0      0x220 Middlewares\Third_Party\FreeRTOS\Source\CMSIS_RTOS_V2\cmsis_os2.o
 .debug_aranges
                0x000009f0       0x40 Middlewares\Third_Party\FreeRTOS\Source\list.o
 .debug_aranges
                0x00000a30       0x80 Middlewares\Third_Party\FreeRTOS\Source\portable\GCC\ARM_CM4F\port.o
 .debug_aranges
                0x00000ab0       0x48 Middlewares\Third_Party\FreeRTOS\Source\portable\MemMang\heap_4.o
 .debug_aranges
                0x00000af8      0x140 Middlewares\Third_Party\FreeRTOS\Source\queue.o
 .debug_aranges
                0x00000c38      0x1e8 Middlewares\Third_Party\FreeRTOS\Source\tasks.o
 .debug_aranges
                0x00000e20       0xb0 Middlewares\Third_Party\FreeRTOS\Source\timers.o
 .debug_aranges
                0x00000ed0       0x68 Src\main.o
 .debug_aranges
                0x00000f38       0x30 Src\stm32f4xx_hal_msp.o
 .debug_aranges
                0x00000f68       0x30 Src\stm32f4xx_hal_timebase_tim.o
 .debug_aranges
                0x00000f98       0x60 Src\stm32f4xx_it.o
 .debug_aranges
                0x00000ff8       0x28 Src\system_stm32f4xx.o
 .debug_aranges
                0x00001020       0x28 startup\startup_stm32f405xx.o

.debug_ranges   0x00000000     0x1510
 .debug_ranges  0x00000000       0xd8 Drivers\STM32F4xx_HAL_Driver\Src\stm32f4xx_hal.o
 .debug_ranges  0x000000d8      0x128 Drivers\STM32F4xx_HAL_Driver\Src\stm32f4xx_hal_cortex.o
 .debug_ranges  0x00000200       0xc8 Drivers\STM32F4xx_HAL_Driver\Src\stm32f4xx_hal_dma.o
 .debug_ranges  0x000002c8       0x68 Drivers\STM32F4xx_HAL_Driver\Src\stm32f4xx_hal_gpio.o
 .debug_ranges  0x00000330       0xb0 Drivers\STM32F4xx_HAL_Driver\Src\stm32f4xx_hal_rcc.o
 .debug_ranges  0x000003e0      0x340 Drivers\STM32F4xx_HAL_Driver\Src\stm32f4xx_hal_tim.o
 .debug_ranges  0x00000720       0xe8 Drivers\STM32F4xx_HAL_Driver\Src\stm32f4xx_hal_tim_ex.o
 .debug_ranges  0x00000808      0x178 Drivers\STM32F4xx_HAL_Driver\Src\stm32f4xx_hal_uart.o
 .debug_ranges  0x00000980      0x210 Middlewares\Third_Party\FreeRTOS\Source\CMSIS_RTOS_V2\cmsis_os2.o
 .debug_ranges  0x00000b90       0x30 Middlewares\Third_Party\FreeRTOS\Source\list.o
 .debug_ranges  0x00000bc0       0x70 Middlewares\Third_Party\FreeRTOS\Source\portable\GCC\ARM_CM4F\port.o
 .debug_ranges  0x00000c30       0x38 Middlewares\Third_Party\FreeRTOS\Source\portable\MemMang\heap_4.o
 .debug_ranges  0x00000c68      0x270 Middlewares\Third_Party\FreeRTOS\Source\queue.o
 .debug_ranges  0x00000ed8      0x290 Middlewares\Third_Party\FreeRTOS\Source\tasks.o
 .debug_ranges  0x00001168      0x170 Middlewares\Third_Party\FreeRTOS\Source\timers.o
 .debug_ranges  0x000012d8      0x120 Src\main.o
 .debug_ranges  0x000013f8       0x50 Src\stm32f4xx_hal_msp.o
 .debug_ranges  0x00001448       0x40 Src\stm32f4xx_hal_timebase_tim.o
 .debug_ranges  0x00001488       0x50 Src\stm32f4xx_it.o
 .debug_ranges  0x000014d8       0x18 Src\system_stm32f4xx.o
 .debug_ranges  0x000014f0       0x20 startup\startup_stm32f405xx.o

.debug_line     0x00000000     0x8907
 .debug_line    0x00000000      0x41b Drivers\STM32F4xx_HAL_Driver\Src\stm32f4xx_hal.o
 .debug_line    0x0000041b      0x456 Drivers\STM32F4xx_HAL_Driver\Src\stm32f4xx_hal_cortex.o
 .debug_line    0x00000871      0x56f Drivers\STM32F4xx_HAL_Driver\Src\stm32f4xx_hal_dma.o
 .debug_line    0x00000de0      0x3e4 Drivers\STM32F4xx_HAL_Driver\Src\stm32f4xx_hal_gpio.o
 .debug_line    0x000011c4      0x4f4 Drivers\STM32F4xx_HAL_Driver\Src\stm32f4xx_hal_rcc.o
 .debug_line    0x000016b8     0x1183 Drivers\STM32F4xx_HAL_Driver\Src\stm32f4xx_hal_tim.o
 .debug_line    0x0000283b      0x67d Drivers\STM32F4xx_HAL_Driver\Src\stm32f4xx_hal_tim_ex.o
 .debug_line    0x00002eb8      0xb76 Drivers\STM32F4xx_HAL_Driver\Src\stm32f4xx_hal_uart.o
 .debug_line    0x00003a2e     0x1444 Middlewares\Third_Party\FreeRTOS\Source\CMSIS_RTOS_V2\cmsis_os2.o
 .debug_line    0x00004e72      0x367 Middlewares\Third_Party\FreeRTOS\Source\list.o
 .debug_line    0x000051d9      0x36b Middlewares\Third_Party\FreeRTOS\Source\portable\GCC\ARM_CM4F\port.o
 .debug_line    0x00005544      0x415 Middlewares\Third_Party\FreeRTOS\Source\portable\MemMang\heap_4.o
 .debug_line    0x00005959      0xae0 Middlewares\Third_Party\FreeRTOS\Source\queue.o
 .debug_line    0x00006439      0xe73 Middlewares\Third_Party\FreeRTOS\Source\tasks.o
 .debug_line    0x000072ac      0x664 Middlewares\Third_Party\FreeRTOS\Source\timers.o
 .debug_line    0x00007910      0x598 Src\main.o
 .debug_line    0x00007ea8      0x2c8 Src\stm32f4xx_hal_msp.o
 .debug_line    0x00008170      0x28f Src\stm32f4xx_hal_timebase_tim.o
 .debug_line    0x000083ff      0x2ab Src\stm32f4xx_it.o
 .debug_line    0x000086aa      0x1de Src\system_stm32f4xx.o
 .debug_line    0x00008888       0x7f startup\startup_stm32f405xx.o

.debug_str      0x00000000     0x6bff
 .debug_str     0x00000000      0xb20 Drivers\STM32F4xx_HAL_Driver\Src\stm32f4xx_hal.o
                                0xb89 (size before relaxing)
 .debug_str     0x00000b20      0x4a1 Drivers\STM32F4xx_HAL_Driver\Src\stm32f4xx_hal_cortex.o
                                0xc54 (size before relaxing)
 .debug_str     0x00000fc1      0x527 Drivers\STM32F4xx_HAL_Driver\Src\stm32f4xx_hal_dma.o
                                0x7c1 (size before relaxing)
 .debug_str     0x000014e8      0x1de Drivers\STM32F4xx_HAL_Driver\Src\stm32f4xx_hal_gpio.o
                                0x53b (size before relaxing)
 .debug_str     0x000016c6      0x2e9 Drivers\STM32F4xx_HAL_Driver\Src\stm32f4xx_hal_rcc.o
                                0x70e (size before relaxing)
 .debug_str     0x000019af      0xfef Drivers\STM32F4xx_HAL_Driver\Src\stm32f4xx_hal_tim.o
                               0x1518 (size before relaxing)
 .debug_str     0x0000299e      0x548 Drivers\STM32F4xx_HAL_Driver\Src\stm32f4xx_hal_tim_ex.o
                                0xd30 (size before relaxing)
 .debug_str     0x00002ee6      0x6d8 Drivers\STM32F4xx_HAL_Driver\Src\stm32f4xx_hal_uart.o
                                0xc63 (size before relaxing)
 .debug_str     0x000035be     0x1a79 Middlewares\Third_Party\FreeRTOS\Source\CMSIS_RTOS_V2\cmsis_os2.o
                               0x1d37 (size before relaxing)
 .debug_str     0x00005037      0x143 Middlewares\Third_Party\FreeRTOS\Source\list.o
                                0x748 (size before relaxing)
 .debug_str     0x0000517a      0x250 Middlewares\Third_Party\FreeRTOS\Source\portable\GCC\ARM_CM4F\port.o
                                0x48e (size before relaxing)
 .debug_str     0x000053ca      0x1e8 Middlewares\Third_Party\FreeRTOS\Source\portable\MemMang\heap_4.o
                                0x831 (size before relaxing)
 .debug_str     0x000055b2      0x5db Middlewares\Third_Party\FreeRTOS\Source\queue.o
                               0x10b5 (size before relaxing)
 .debug_str     0x00005b8d      0x895 Middlewares\Third_Party\FreeRTOS\Source\tasks.o
                               0x16e0 (size before relaxing)
 .debug_str     0x00006422      0x4de Middlewares\Third_Party\FreeRTOS\Source\timers.o
                               0x1039 (size before relaxing)
 .debug_str     0x00006900      0x179 Src\main.o
                               0x1bac (size before relaxing)
 .debug_str     0x00006a79       0x1b Src\stm32f4xx_hal_msp.o
                                0xd61 (size before relaxing)
 .debug_str     0x00006a94       0x50 Src\stm32f4xx_hal_timebase_tim.o
                                0xd85 (size before relaxing)
 .debug_str     0x00006ae4       0xd6 Src\stm32f4xx_it.o
                                0x91c (size before relaxing)
 .debug_str     0x00006bba       0x45 Src\system_stm32f4xx.o
                                0x39f (size before relaxing)

.comment        0x00000000       0x7c
 .comment       0x00000000       0x7c Drivers\STM32F4xx_HAL_Driver\Src\stm32f4xx_hal.o
                                 0x7d (size before relaxing)
 .comment       0x0000007c       0x7d Drivers\STM32F4xx_HAL_Driver\Src\stm32f4xx_hal_cortex.o
 .comment       0x0000007c       0x7d Drivers\STM32F4xx_HAL_Driver\Src\stm32f4xx_hal_dma.o
 .comment       0x0000007c       0x7d Drivers\STM32F4xx_HAL_Driver\Src\stm32f4xx_hal_gpio.o
 .comment       0x0000007c       0x7d Drivers\STM32F4xx_HAL_Driver\Src\stm32f4xx_hal_rcc.o
 .comment       0x0000007c       0x7d Drivers\STM32F4xx_HAL_Driver\Src\stm32f4xx_hal_tim.o
 .comment       0x0000007c       0x7d Drivers\STM32F4xx_HAL_Driver\Src\stm32f4xx_hal_tim_ex.o
 .comment       0x0000007c       0x7d Drivers\STM32F4xx_HAL_Driver\Src\stm32f4xx_hal_uart.o
 .comment       0x0000007c       0x7d Middlewares\Third_Party\FreeRTOS\Source\CMSIS_RTOS_V2\cmsis_os2.o
 .comment       0x0000007c       0x7d Middlewares\Third_Party\FreeRTOS\Source\list.o
 .comment       0x0000007c       0x7d Middlewares\Third_Party\FreeRTOS\Source\portable\GCC\ARM_CM4F\port.o
 .comment       0x0000007c       0x7d Middlewares\Third_Party\FreeRTOS\Source\portable\MemMang\heap_4.o
 .comment       0x0000007c       0x7d Middlewares\Third_Party\FreeRTOS\Source\queue.o
 .comment       0x0000007c       0x7d Middlewares\Third_Party\FreeRTOS\Source\tasks.o
 .comment       0x0000007c       0x7d Middlewares\Third_Party\FreeRTOS\Source\timers.o
 .comment       0x0000007c       0x7d Src\main.o
 .comment       0x0000007c       0x7d Src\stm32f4xx_hal_msp.o
 .comment       0x0000007c       0x7d Src\stm32f4xx_hal_timebase_tim.o
 .comment       0x0000007c       0x7d Src\stm32f4xx_it.o
 .comment       0x0000007c       0x7d Src\system_stm32f4xx.o

.debug_frame    0x00000000     0x3034
 .debug_frame   0x00000000      0x1f0 Drivers\STM32F4xx_HAL_Driver\Src\stm32f4xx_hal.o
 .debug_frame   0x000001f0      0x158 Drivers\STM32F4xx_HAL_Driver\Src\stm32f4xx_hal_cortex.o
 .debug_frame   0x00000348      0x150 Drivers\STM32F4xx_HAL_Driver\Src\stm32f4xx_hal_dma.o
 .debug_frame   0x00000498       0xd8 Drivers\STM32F4xx_HAL_Driver\Src\stm32f4xx_hal_gpio.o
 .debug_frame   0x00000570      0x13c Drivers\STM32F4xx_HAL_Driver\Src\stm32f4xx_hal_rcc.o
 .debug_frame   0x000006ac      0x928 Drivers\STM32F4xx_HAL_Driver\Src\stm32f4xx_hal_tim.o
 .debug_frame   0x00000fd4      0x360 Drivers\STM32F4xx_HAL_Driver\Src\stm32f4xx_hal_tim_ex.o
 .debug_frame   0x00001334      0x4a0 Drivers\STM32F4xx_HAL_Driver\Src\stm32f4xx_hal_uart.o
 .debug_frame   0x000017d4      0x66c Middlewares\Third_Party\FreeRTOS\Source\CMSIS_RTOS_V2\cmsis_os2.o
 .debug_frame   0x00001e40       0x6c Middlewares\Third_Party\FreeRTOS\Source\list.o
 .debug_frame   0x00001eac       0xfc Middlewares\Third_Party\FreeRTOS\Source\portable\GCC\ARM_CM4F\port.o
 .debug_frame   0x00001fa8       0x98 Middlewares\Third_Party\FreeRTOS\Source\portable\MemMang\heap_4.o
 .debug_frame   0x00002040      0x408 Middlewares\Third_Party\FreeRTOS\Source\queue.o
 .debug_frame   0x00002448      0x654 Middlewares\Third_Party\FreeRTOS\Source\tasks.o
 .debug_frame   0x00002a9c      0x218 Middlewares\Third_Party\FreeRTOS\Source\timers.o
 .debug_frame   0x00002cb4      0x104 Src\main.o
 .debug_frame   0x00002db8       0x6c Src\stm32f4xx_hal_msp.o
 .debug_frame   0x00002e24       0x54 Src\stm32f4xx_hal_timebase_tim.o
 .debug_frame   0x00002e78       0xb0 Src\stm32f4xx_it.o
 .debug_frame   0x00002f28       0x38 Src\system_stm32f4xx.o
 .debug_frame   0x00002f60       0x2c c:/program files (x86)/atollic/truestudio for stm32 9.3.0/armtools/bin/../lib/gcc/arm-atollic-eabi/6.3.1/../../../../arm-atollic-eabi/lib/armv7e-m/fpu\libc_nano.a(lib_a-init.o)
 .debug_frame   0x00002f8c       0x28 c:/program files (x86)/atollic/truestudio for stm32 9.3.0/armtools/bin/../lib/gcc/arm-atollic-eabi/6.3.1/../../../../arm-atollic-eabi/lib/armv7e-m/fpu\libc_nano.a(lib_a-memcpy-stub.o)
 .debug_frame   0x00002fb4       0x20 c:/program files (x86)/atollic/truestudio for stm32 9.3.0/armtools/bin/../lib/gcc/arm-atollic-eabi/6.3.1/../../../../arm-atollic-eabi/lib/armv7e-m/fpu\libc_nano.a(lib_a-memset.o)
 .debug_frame   0x00002fd4       0x2c c:/program files (x86)/atollic/truestudio for stm32 9.3.0/armtools/bin/../lib/gcc/arm-atollic-eabi/6.3.1/armv7e-m/fpu\libgcc.a(_aeabi_uldivmod.o)
 .debug_frame   0x00003000       0x34 c:/program files (x86)/atollic/truestudio for stm32 9.3.0/armtools/bin/../lib/gcc/arm-atollic-eabi/6.3.1/armv7e-m/fpu\libgcc.a(_udivmoddi4.o)
